2021/08/17 11:58:08 Authorized on account irctc_help_bot
